
> multi-venue-grid-engine@0.1.0 test:offline-integration
> python3 scripts/offline-candidate.py test

{
  "repository": "multi-venue-grid-engine",
  "mode": "test",
  "liveExchangeWrites": false,
  "networkAccessRequired": false,
  "authorizationGranted": false,
  "validationCompleted": true,
  "checks": [
    {
      "command": [
        "node",
        "--import",
        "tsx",
        "--test",
        "--test-reporter=tap",
        "test/offline-integration/integration.test.ts"
      ],
      "exitCode": 0,
      "log": "artifacts/offline-candidate/test/01.log",
      "logSha256": "8e377fa0b818364f0bc42afdb5b90fb5c999bddc8ba3800e96d6bf356c514849",
      "tap": {
        "tests": 13,
        "pass": 13,
        "fail": 0,
        "cancelled": 0,
        "skipped": 0,
        "todo": 0
      }
    }
  ],
  "blockers": [],
  "networkIsolation": "LINUX_SECCOMP_UNIX_SOCKETS_ONLY",
  "candidate": "82105054f9aac595e767e5203d3e581ec3c10126",
  "candidateTree": "fbeb1194203ad280587070416e2461114b1bcfb4",
  "workingTreeStatus": "",
  "frozenBaselineTree": "1b0afe805269972cf7af40f7fbf0e4e6b3e35894",
  "frozenIdentityPreserved": true
}
